<html>
<body>
<pre>
<h1>µVision Build Log</h1>
<h2>Tool Versions:</h2>
IDE-Version: ¦ÌVision V5.21.1.0
Copyright (C) 2016 ARM Ltd and ARM Germany GmbH. All rights reserved.
License Information: murry Microsoft, Microsoft, LIC=BUUII-TIMWP-PB4EG-V1PLG-2DWAM-QDK9Z
 
Tool Versions:
Toolchain:       MDK-ARM Plus  Version: 5.21a
Toolchain Path:  D:\tools\MDK5.21\Core\ARM\ARMCC\Bin
C Compiler:      Armcc.exe V5.06 update 3 (build 300)
Assembler:       Armasm.exe V5.06 update 3 (build 300)
Linker/Locator:  ArmLink.exe V5.06 update 3 (build 300)
Library Manager: ArmAr.exe V5.06 update 3 (build 300)
Hex Converter:   FromElf.exe V5.06 update 3 (build 300)
CPU DLL:         SARMCR4.DLL V5.21a
Dialog DLL:      DARMTMS.DLL
Target DLL:      Segger\JL2CM3.dll V2.99.23.0
Dialog DLL:      TARMTMS.DLL V1.3.0.0
 
<h2>Project:</h2>
C:\Users\manyn\Desktop\VST_V1.2_3016.9.15\TMS570ls3137.uvproj
Project File Date:  09/15/2016

<h2>Output:</h2>
*** Using Compiler 'V5.06 update 3 (build 300)', folder: 'D:\tools\MDK5.21\Core\ARM\ARMCC\Bin'
Build target 'Target 1'
compiling adc.c...
compiling esm.c...
compiling i2c.c...
compiling gio.c...
compiling mibspi.c...
compiling lin.c...
compiling Notification.c...
compiling pinmux.c...
compiling sci.c...
compiling het.c...
compiling sys_main.c...
source\sys_main.c(4712): warning:  #1035-D: single-precision operand implicitly converted to double-precision
  			  if(avg_sec_cur_r_float<0.1)
source\sys_main.c(4776): warning:  #1035-D: single-precision operand implicitly converted to double-precision
  						if (s1<0.2)    //calculate rlevel
source\sys_main.c(4780): warning:  #1035-D: single-precision operand implicitly converted to double-precision
  						else if (s1<0.4)
source\sys_main.c(4784): warning:  #1035-D: single-precision operand implicitly converted to double-precision
  						else if (s1<0.6)
source\sys_main.c(4788): warning:  #1035-D: single-precision operand implicitly converted to double-precision
  						else if (s1<0.8)
source\sys_main.c(4796): warning:  #1035-D: single-precision operand implicitly converted to double-precision
  						else if (s1<1.2)
source\sys_main.c(4804): warning:  #1035-D: single-precision operand implicitly converted to double-precision
  				   if (s2>0.1)
source\sys_main.c: 7 warnings, 0 errors
compiling sys_pcr.c...
compiling sys_dma.c...
compiling spi.c...
compiling sys_phantom.c...
compiling sys_pmm.c...
compiling sys_selftest.c...
compiling sys_startup.c...
source\sys_startup.c(648): warning:  #1461-D: function declared with "noreturn" does return
  }
source\sys_startup.c: 1 warning, 0 errors
compiling sys_vim.c...
assembling sys_core.asm...
assembling dabort.asm...
compiling system.c...
assembling sys_intvecs.asm...
assembling sys_mpu.asm...
assembling sys_pmu.asm...
linking...
Program Size: Code=118640 RO-data=568 RW-data=2652 ZI-data=169668  
FromELF: creating hex file...
".\TMS570ls3137.axf" - 0 Error(s), 8 Warning(s).
Build Time Elapsed:  00:00:06
</pre>
</body>
</html>
