ARM Linker, 5.03 [Build 76] [MDK-ARM Standard]

==============================================================================

Section Cross References

    sys_main.o(.text) refers to gio.o(.text) for gioGetBit
    sys_main.o(.text) refers to aeabi_sdiv_cr4.o(x$sdivmod) for __aeabi_idivmod
    sys_main.o(.text) refers to sci.o(.text) for sciDisableNotification
    sys_main.o(.text) refers to spi.o(.text) for spiTransmitData
    sys_main.o(.text) refers to sys_main.o(.data) for tmp_spi
    sys_main.o(.text) refers to sys_main.o(.constdata) for .constdata
    sys_main.o(.text) refers to aeabi_sdiv_cr4.o(x$sdiv) for __aeabi_idiv
    sys_main.o(.text) refers to i2c.o(.text) for i2cInit
    sys_main.o(.text) refers to adc.o(.text) for adcInit
    sys_main.o(.text) refers to het.o(.text) for hetInit
    sys_main.o(.text) refers to sys_core.o(.text) for _enable_interrupt_
    sys_main.o(.text) refers to sys_main.o(.bss) for bF
    sys_main.o(.text) refers to llsdiv.o(.text) for __aeabi_ldivmod
    sys_main.o(.text) refers to ffltll_clz.o(x$fpl$ffltll) for __aeabi_l2f
    adc.o(.text) refers to rt_memclr_w.o(.text) for __aeabi_memclr4
    adc.o(.text) refers to sys_main.o(.text) for adcNotification
    adc.o(.text) refers to adc.o(.constdata) for s_adcFiFoSize
    esm.o(.text) refers to notification.o(.text) for esmGroup1Notification
    i2c.o(.text) refers to i2c.o(.bss) for g_i2cTransfer_t
    sci.o(.text) refers to sci.o(.bss) for g_sciTransfer_t
    sci.o(.text) refers to sys_main.o(.text) for sciNotification
    het.o(.text) refers to rt_memcpy_w.o(.text) for __aeabi_memcpy4
    het.o(.text) refers to aeabi_sdiv_cr4.o(x$udiv) for __aeabi_uidiv
    het.o(.text) refers to het.o(.data) for het1PROGRAM
    het.o(.text) refers to het.o(.constdata) for s_het1pwmPolarity
    spi.o(.text) refers to spi.o(.bss) for g_spiPacket_t
    sys_selftest.o(.text) refers to sys_core.o(.text) for _gotoCPUIdle_
    sys_selftest.o(.text) refers to notification.o(.text) for memoryPort0TestFailNotification
    sys_selftest.o(.text) refers to sys_pmu.o(.text) for _pmuEnableCountersGlobal_
    sys_startup.o(reset) refers to sys_core.o(.text) for _coreInitRegisters_
    sys_startup.o(reset) refers to system.o(.text) for systemInit
    sys_startup.o(reset) refers to sys_selftest.o(.text) for errata_PBIST_4
    sys_startup.o(reset) refers to sys_vim.o(.text) for vimInit
    sys_startup.o(reset) refers to esm.o(.text) for esmInit
    sys_startup.o(reset) refers to __main.o(!!!main) for __main
    sys_vim.o(.text) refers to notification.o(.text) for esmGroup1Notification
    sys_vim.o(.text) refers to sys_vim.o(.constdata) for s_vim_init
    sys_vim.o(.constdata) refers to sys_phantom.o(.text) for phantomInterrupt
    sys_vim.o(.constdata) refers to esm.o(.text) for esmHighInterrupt
    sys_vim.o(.constdata) refers to sci.o(.text) for linHighLevelInterrupt
    sys_vim.o(.constdata) refers to adc.o(.text) for adc1Group1Interrupt
    system.o(.text) refers to sys_selftest.o(.text) for efcCheck
    system.o(.text) refers to pinmux.o(.text) for muxInit
    dabort.o(.text) refers to sys_selftest.o(.text) for custom_dabort
    sys_intvecs.o(intvecs) refers to sys_startup.o(reset) for _c_int00
    sys_intvecs.o(intvecs) refers to dabort.o(.text) for _dabort
    sys_intvecs.o(intvecs) refers to sys_phantom.o(.text) for phantomInterrupt
    llsdiv.o(.text) refers to lludiv5.o(.text) for __aeabi_uldivmod
    aeabi_sdiv_div0_cr4.o(x$sdiv) refers to aeabi_sdiv_div0_cr4.o(x$div0) for __divbyzero
    aeabi_sdiv_div0_cr4.o(x$sdivmod) refers to aeabi_sdiv_div0_cr4.o(x$div0) for __divbyzero
    aeabi_sdiv_div0_cr4.o(x$udiv) refers to aeabi_sdiv_div0_cr4.o(x$div0) for __divbyzero
    aeabi_sdiv_div0_cr4.o(x$udivmod) refers to aeabi_sdiv_div0_cr4.o(x$div0) for __divbyzero
    aeabi_sdiv_rt_div0_cr4.o(x$sdiv) refers to aeabi_sdiv_rt_div0_cr4.o(x$div0) for __divbyzero
    aeabi_sdiv_rt_div0_cr4.o(x$sdivmod) refers to aeabi_sdiv_rt_div0_cr4.o(x$div0) for __divbyzero
    aeabi_sdiv_rt_div0_cr4.o(x$udiv) refers to aeabi_sdiv_rt_div0_cr4.o(x$div0) for __divbyzero
    aeabi_sdiv_rt_div0_cr4.o(x$udivmod) refers to aeabi_sdiv_rt_div0_cr4.o(x$div0) for __divbyzero
    __main.o(!!!main) refers to rtentry.o(.ARM.Collect$$rtentry$$00000000) for __rt_entry
    ffltll_clz.o(x$fpl$ffltll) refers (Special) to usenofp.o(x$fpl$usenofp) for __I$use$fp
    rtentry.o(.ARM.Collect$$rtentry$$00000000) refers (Special) to rtentry2.o(.ARM.Collect$$rtentry$$0000000A) for __rt_entry_li
    rtentry.o(.ARM.Collect$$rtentry$$00000000) refers (Special) to rtentry2.o(.ARM.Collect$$rtentry$$0000000D) for __rt_entry_main
    rtentry.o(.ARM.Collect$$rtentry$$00000000) refers (Special) to rtentry2.o(.ARM.Collect$$rtentry$$0000000C) for __rt_entry_postli_1
    rtentry.o(.ARM.Collect$$rtentry$$00000000) refers (Special) to rtentry2.o(.ARM.Collect$$rtentry$$00000009) for __rt_entry_postsh_1
[...]
    .ARM.Collect$$libinit$$0000002C          0x00000376   Section        0  libinit2.o(.ARM.Collect$$libinit$$0000002C)
    .ARM.Collect$$libinit$$0000002E          0x00000376   Section        0  libinit2.o(.ARM.Collect$$libinit$$0000002E)
    .ARM.Collect$$libinit$$00000030          0x00000376   Section        0  libinit2.o(.ARM.Collect$$libinit$$00000030)
    .ARM.Collect$$libinit$$00000031          0x00000376   Section        2  libinit2.o(.ARM.Collect$$libinit$$00000031)
    .ARM.Collect$$libshutdown$$00000000      0x00000378   Section        2  libshutdown.o(.ARM.Collect$$libshutdown$$00000000)
    .ARM.Collect$$libshutdown$$00000003      0x0000037a   Section        0  libshutdown2.o(.ARM.Collect$$libshutdown$$00000003)
    .ARM.Collect$$libshutdown$$00000006      0x0000037a   Section        0  libshutdown2.o(.ARM.Collect$$libshutdown$$00000006)
    .ARM.Collect$$libshutdown$$00000009      0x0000037a   Section        0  libshutdown2.o(.ARM.Collect$$libshutdown$$00000009)
    .ARM.Collect$$libshutdown$$0000000B      0x0000037a   Section        0  libshutdown2.o(.ARM.Collect$$libshutdown$$0000000B)
    .ARM.Collect$$libshutdown$$0000000E      0x0000037a   Section        0  libshutdown2.o(.ARM.Collect$$libshutdown$$0000000E)
    .ARM.Collect$$libshutdown$$0000000F      0x0000037a   Section        2  libshutdown2.o(.ARM.Collect$$libshutdown$$0000000F)
    .ARM.Collect$$rtentry$$00000000          0x0000037c   Section        0  rtentry.o(.ARM.Collect$$rtentry$$00000000)
    .ARM.Collect$$rtentry$$00000002          0x0000037c   Section        0  rtentry2.o(.ARM.Collect$$rtentry$$00000002)
    .ARM.Collect$$rtentry$$00000007          0x0000037c   Section        4  rtentry7.o(.ARM.Collect$$rtentry$$00000007)
    .ARM.Collect$$rtentry$$00000009          0x00000380   Section        0  rtentry2.o(.ARM.Collect$$rtentry$$00000009)
    .ARM.Collect$$rtentry$$0000000A          0x00000380   Section        4  rtentry2.o(.ARM.Collect$$rtentry$$0000000A)
    .ARM.Collect$$rtentry$$0000000C          0x00000384   Section        0  rtentry2.o(.ARM.Collect$$rtentry$$0000000C)
    .ARM.Collect$$rtentry$$0000000D          0x00000384   Section        8  rtentry2.o(.ARM.Collect$$rtentry$$0000000D)
    .ARM.Collect$$rtentry$$00002718          0x0000038c   Section        4  rtentry7.o(.ARM.Collect$$rtentry$$00002718)
    __lit__00000000                          0x0000038c   Data           4  rtentry7.o(.ARM.Collect$$rtentry$$00002718)
    .ARM.Collect$$rtexit$$00000000           0x00000390   Section        2  rtexit.o(.ARM.Collect$$rtexit$$00000000)
    .ARM.Collect$$rtexit$$00000002           0x00000392   Section        0  rtexit2.o(.ARM.Collect$$rtexit$$00000002)
    .ARM.Collect$$rtexit$$00000003           0x00000392   Section        4  rtexit2.o(.ARM.Collect$$rtexit$$00000003)
    .ARM.Collect$$rtexit$$00000004           0x00000396   Section        6  rtexit2.o(.ARM.Collect$$rtexit$$00000004)
    .text                                    0x0000039c   Section        0  sys_main.o(.text)
    .text                                    0x0003a118   Section        0  adc.o(.text)
    .text                                    0x0003aa20   Section        0  esm.o(.text)
    .text                                    0x0003ae58   Section        0  gio.o(.text)
    .text                                    0x0003b134   Section        0  i2c.o(.text)
    .text                                    0x0003b69c   Section        0  notification.o(.text)
    .text                                    0x0003b6d4   Section        0  pinmux.o(.text)
    .text                                    0x0003bc20   Section        0  sci.o(.text)
    .text                                    0x0003c258   Section        0  het.o(.text)
    .text                                    0x0003cab0   Section        0  spi.o(.text)
    .text                                    0x0003d528   Section        0  sys_phantom.o(.text)
    .text                                    0x0003d52c   Section        0  sys_selftest.o(.text)
    .text                                    0x0003fb0c   Section        0  sys_vim.o(.text)
    .text                                    0x00040240   Section        0  system.o(.text)
    .text                                    0x000409f0   Section      232  dabort.o(.text)
    $v0                                      0x000409f0   Number         0  dabort.o(.text)
    .text                                    0x00040ad8   Section      956  sys_core.o(.text)
    $v0                                      0x00040ad8   Number         0  sys_core.o(.text)
    .text                                    0x00040e94   Section      276  sys_pmu.o(.text)
    $v0                                      0x00040e94   Number         0  sys_pmu.o(.text)
    .text                                    0x00040fa8   Section       96  llsdiv.o(.text)
    .text                                    0x00041008   Section      100  rt_memcpy_w.o(.text)
    .text                                    0x0004106c   Section       78  rt_memclr_w.o(.text)
    .text                                    0x000410bc   Section      816  lludiv5.o(.text)
    .text                                    0x000413ec   Section        0  exit.o(.text)
    .text                                    0x000413f8   Section        0  sys_exit.o(.text)
    .text                                    0x00041404   Section        2  use_no_semi.o(.text)
    .text                                    0x00041406   Section        0  indicate_semi.o(.text)
    x$fpl$ffltll                             0x00041406   Section       96  ffltll_clz.o(x$fpl$ffltll)
    $v0                                      0x00041406   Number         0  ffltll_clz.o(x$fpl$ffltll)
    x$fpl$fpinit                             0x00041466   Section       10  fpinit.o(x$fpl$fpinit)
    $v0                                      0x00041466   Number         0  fpinit.o(x$fpl$fpinit)
    x$fpl$usenofp                            0x00041470   Section        0  usenofp.o(x$fpl$usenofp)
    x$sdiv                                   0x00041470   Section        6  aeabi_sdiv_cr4.o(x$sdiv)
    x$sdivmod                                0x00041476   Section       12  aeabi_sdiv_cr4.o(x$sdivmod)
    x$udiv                                   0x00041482   Section        6  aeabi_sdiv_cr4.o(x$udiv)
    .constdata                               0x00041488   Section       64  sys_main.o(.constdata)
    .constdata                               0x000414c8   Section       48  adc.o(.constdata)
    s_adcSelect                              0x000414c8   Data          24  adc.o(.constdata)
    s_adcFiFoSize                            0x000414e0   Data          24  adc.o(.constdata)
    .constdata                               0x000414f8   Section       64  het.o(.constdata)
    s_het1pwmPolarity                        0x000414f8   Data          32  het.o(.constdata)
    s_het2pwmPolarity                        0x00041518   Data          32  het.o(.constdata)
    .constdata                               0x00041538   Section      384  sys_vim.o(.constdata)
    s_vim_init                               0x00041538   Data         384  sys_vim.o(.constdata)
    .data                                    0x08001500   Section     1288  sys_main.o(.data)
    delay                                    0x08001974   Data           4  sys_main.o(.data)
    .data                                    0x08001a08   Section     1856  het.o(.data)
    het1PROGRAM                              0x08001a08   Data         928  het.o(.data)
    het2PROGRAM                              0x08001da8   Data         928  het.o(.data)
    .bss                                     0x08002148   Section    164600  sys_main.o(.bss)
    .bss                                     0x0802a440   Section       12  i2c.o(.bss)
    g_i2cTransfer_t                          0x0802a440   Data          12  i2c.o(.bss)
    .bss                                     0x0802a44c   Section       40  sci.o(.bss)
    g_sciTransfer_t                          0x0802a44c   Data          40  sci.o(.bss)
    .bss                                     0x0802a474   Section      120  spi.o(.bss)
    g_spiPacket_t                            0x0802a474   Data         120  spi.o(.bss)

    Global Symbols

    Symbol Name                              Value     Ov Type        Size  Object(Section)

    BuildAttributes$$THM_ISAv4$ARM_ISAv7$E$P$J$D$K$B$S$VFPv3_D16$PE$A:L22UL41UL21$X:L11$S22US41US21$IEEE1$IW$USESV6$~STKCKD$USESV7$~SHL$OSPACE$ROPI$EBA8$UX$STANDARDLIB$THUMB2LIB$REQ8$EABIv2 0x00000000   Number         0  anon$$obj.o ABSOLUTE
    __ARM_use_no_argv                        0x00000000   Number         0  sys_main.o ABSOLUTE
    resetEntry                               0x00000000   ARM Code       0  sys_intvecs.o(intvecs)
    Image$$ZI$$Limit                          - Undefined Weak Reference
    __ARM_exceptions_init                     - Undefined Weak Reference
    __alloca_initialize                       - Undefined Weak Reference
    __cpp_initialize__aeabi_                  - Undefined Weak Reference
    __cxa_finalize                            - Undefined Weak Reference
    __rt_locale                               - Undefined Weak Reference
    __sigvec_lookup                           - Undefined Weak Reference
    _atexit_init                              - Undefined Weak Reference
    _call_atexit_fns                          - Undefined Weak Reference
    _clock_init                               - Undefined Weak Reference
    _fp_trap_init                             - Undefined Weak Reference
    _fp_trap_shutdown                         - Undefined Weak Reference
    _get_lc_collate                           - Undefined Weak Reference
    _get_lc_ctype                             - Undefined Weak Reference
    _get_lc_monetary                          - Undefined Weak Reference
    _get_lc_numeric                           - Undefined Weak Reference
    _get_lc_time                              - Undefined Weak Reference
    _getenv_init                              - Undefined Weak Reference
    _handle_redirection                       - Undefined Weak Reference
    _init_alloc                               - Undefined Weak Reference
    _init_user_alloc                          - Undefined Weak Reference
    _initio                                   - Undefined Weak Reference
    _rand_init                                - Undefined Weak Reference
    _signal_finish                            - Undefined Weak Reference
    _signal_init                              - Undefined Weak Reference
    _terminate_alloc                          - Undefined Weak Reference
    _terminate_user_alloc                     - Undefined Weak Reference
    _terminateio                              - Undefined Weak Reference
    _c_int00                                 0x00000020   ARM Code     624  sys_startup.o(reset)
    __main                                   0x000002b4   ARM Code       8  __main.o(!!!main)
    __scatterload                            0x000002bd   Thumb Code     0  __scatter.o(!!!scatter)
    __scatterload_rt2                        0x000002bd   Thumb Code    44  __scatter.o(!!!scatter)
    __scatterload_rt2_thumb_only             0x000002bd   Thumb Code     0  __scatter.o(!!!scatter)
    __scatterload_null                       0x000002cb   Thumb Code     0  __scatter.o(!!!scatter)
    __decompress                             0x000002f1   Thumb Code   100  __dclz77c.o(!!dclz77c)
    __decompress2                            0x000002f1   Thumb Code     0  __dclz77c.o(!!dclz77c)
    __scatterload_zeroinit                   0x00000355   Thumb Code    28  __scatter_zi.o(!!handler_zi)
    __rt_lib_init                            0x00000371   Thumb Code     0  libinit.o(.ARM.Collect$$libinit$$00000000)
    __rt_lib_init_fp_1                       0x00000373   Thumb Code     0  libinit2.o(.ARM.Collect$$libinit$$00000001)
    __rt_lib_init_alloca_1                   0x00000377   Thumb Code     0  libinit2.o(.ARM.Collect$$libinit$$0000002C)
    __rt_lib_init_argv_1                     0x00000377   Thumb Code     0  libinit2.o(.ARM.Collect$$libinit$$0000002A)
    __rt_lib_init_atexit_1                   0x00000377   Thumb Code     0  libinit2.o(.ARM.Collect$$libinit$$00000019)
    __rt_lib_init_clock_1                    0x00000377   Thumb Code     0  libinit2.o(.ARM.Collect$$libinit$$0000001F)
    __rt_lib_init_cpp_1                      0x00000377   Thumb Code     0  libinit2.o(.ARM.Collect$$libinit$$00000030)
    __rt_lib_init_exceptions_1               0x00000377   Thumb Code     0  libinit2.o(.ARM.Collect$$libinit$$0000002E)
    __rt_lib_init_fp_trap_1                  0x00000377   Thumb Code     0  libinit2.o(.ARM.Collect$$libinit$$0000001D)
    __rt_lib_init_getenv_1                   0x00000377   Thumb Code     0  libinit2.o(.ARM.Collect$$libinit$$00000021)
    __rt_lib_init_heap_1                     0x00000377   Thumb Code     0  libinit2.o(.ARM.Collect$$libinit$$00000008)
    __rt_lib_init_lc_collate_1               0x00000377   Thumb Code     0  libinit2.o(.ARM.Collect$$libinit$$0000000F)
    __rt_lib_init_lc_ctype_1                 0x00000377   Thumb Code     0  libinit2.o(.ARM.Collect$$libinit$$00000011)
    __rt_lib_init_lc_monetary_1              0x00000377   Thumb Code     0  libinit2.o(.ARM.Collect$$libinit$$00000013)
    __rt_lib_init_lc_numeric_1               0x00000377   Thumb Code     0  libinit2.o(.ARM.Collect$$libinit$$00000015)
    __rt_lib_init_lc_time_1                  0x00000377   Thumb Code     0  libinit2.o(.ARM.Collect$$libinit$$00000017)
    __rt_lib_init_rand_1                     0x00000377   Thumb Code     0  libinit2.o(.ARM.Collect$$libinit$$0000000C)
    __rt_lib_init_return                     0x00000377   Thumb Code     0  libinit2.o(.ARM.Collect$$libinit$$00000031)
    __rt_lib_init_signal_1                   0x00000377   Thumb Code     0  libinit2.o(.ARM.Collect$$libinit$$0000001B)
    __rt_lib_init_stdio_1                    0x00000377   Thumb Code     0  libinit2.o(.ARM.Collect$$libinit$$00000023)
    __rt_lib_init_user_alloc_1               0x00000377   Thumb Code     0  libinit2.o(.ARM.Collect$$libinit$$0000000A)
    __rt_lib_shutdown                        0x00000379   Thumb Code     0  libshutdown.o(.ARM.Collect$$libshutdown$$00000000)
    __rt_lib_shutdown_fp_trap_1              0x0000037b   Thumb Code     0  libshutdown2.o(.ARM.Collect$$libshutdown$$00000006)
    __rt_lib_shutdown_heap_1                 0x0000037b   Thumb Code     0  libshutdown2.o(.ARM.Collect$$libshutdown$$0000000E)
    __rt_lib_shutdown_return                 0x0000037b   Thumb Code     0  libshutdown2.o(.ARM.Collect$$libshutdown$$0000000F)
    __rt_lib_shutdown_signal_1               0x0000037b   Thumb Code     0  libshutdown2.o(.ARM.Collect$$libshutdown$$00000009)
    __rt_lib_shutdown_stdio_1                0x0000037b   Thumb Code     0  libshutdown2.o(.ARM.Collect$$libshutdown$$00000003)
    __rt_lib_shutdown_user_alloc_1           0x0000037b   Thumb Code     0  libshutdown2.o(.ARM.Collect$$libshutdown$$0000000B)
    __rt_entry                               0x0000037d   Thumb Code     0  rtentry.o(.ARM.Collect$$rtentry$$00000000)
    __rt_entry_presh_1                       0x0000037d   Thumb Code     0  rtentry2.o(.ARM.Collect$$rtentry$$00000002)
    __rt_entry_sh                            0x0000037d   Thumb Code     0  rtentry7.o(.ARM.Collect$$rtentry$$00000007)
    __rt_entry_li                            0x00000381   Thumb Code     0  rtentry2.o(.ARM.Collect$$rtentry$$0000000A)
    __rt_entry_postsh_1                      0x00000381   Thumb Code     0  rtentry2.o(.ARM.Collect$$rtentry$$00000009)
    __rt_entry_main                          0x00000385   Thumb Code     0  rtentry2.o(.ARM.Collect$$rtentry$$0000000D)
    __rt_entry_postli_1                      0x00000385   Thumb Code     0  rtentry2.o(.ARM.Collect$$rtentry$$0000000C)
    __rt_exit                                0x00000391   Thumb Code     0  rtexit.o(.ARM.Collect$$rtexit$$00000000)
    __rt_exit_ls                             0x00000393   Thumb Code     0  rtexit2.o(.ARM.Collect$$rtexit$$00000003)
    __rt_exit_prels_1                        0x00000393   Thumb Code     0  rtexit2.o(.ARM.Collect$$rtexit$$00000002)
    __rt_exit_exit                           0x00000397   Thumb Code     0  rtexit2.o(.ARM.Collect$$rtexit$$00000004)
    wait                                     0x0000039c   ARM Code      52  sys_main.o(.text)
    spi1sendByte                             0x000003d0   ARM Code      52  sys_main.o(.text)
    MyGioSetPortA                            0x00000404   ARM Code      88  sys_main.o(.text)
    spi2sendByte                             0x0000045c   ARM Code      36  sys_main.o(.text)
    absf                                     0x00000480   ARM Code      32  sys_main.o(.text)
    CacuSecondTime                           0x000004a0   ARM Code     548  sys_main.o(.text)
    MysciSend2Bytes                          0x000006c4   ARM Code     108  sys_main.o(.text)
    MysciSend                                0x00000730   ARM Code     148  sys_main.o(.text)
    WriteFMByte                              0x000007c4   ARM Code     124  sys_main.o(.text)
    FMWREN                                   0x00000840   ARM Code      88  sys_main.o(.text)
    MysciSendByte                            0x00000898   ARM Code      52  sys_main.o(.text)
    ReadByte                                 0x000008cc   ARM Code     296  sys_main.o(.text)
    read_LB                                  0x000009f4   ARM Code     108  sys_main.o(.text)
    bulk_erase_primitive                     0x00000a60   ARM Code    4952  sys_main.o(.text)
    WriteFM4Bytes                            0x00001db8   ARM Code     108  sys_main.o(.text)
    bulk_erase_character                     0x00001e24   ARM Code     436  sys_main.o(.text)
    CacuClockTime                            0x00001fd8   ARM Code    1080  sys_main.o(.text)
    ReadFMByte                               0x00002410   ARM Code     152  sys_main.o(.text)
    spi1transmitByte                         0x000024a8   ARM Code      60  sys_main.o(.text)
    spiReadAddr                              0x000024e4   ARM Code      88  sys_main.o(.text)
    StartAdd                                 0x0000253c   ARM Code     100  sys_main.o(.text)
    recovery                                 0x000025a0   ARM Code   13848  sys_main.o(.text)
    ADC_init                                 0x00005bb8   ARM Code      48  sys_main.o(.text)
    UART_init                                0x00005be8   ARM Code      60  sys_main.o(.text)
    ReadFlashID                              0x00005c24   ARM Code     360  sys_main.o(.text)
    SPI_init                                 0x00005d8c   ARM Code      92  sys_main.o(.text)
    main                                     0x00005de8   ARM Code   210320  sys_main.o(.text)
    ReadStatus                               0x00039378   ARM Code     244  sys_main.o(.text)
    WriteByte                                0x0003946c   ARM Code    1008  sys_main.o(.text)
    WREN                                     0x0003985c   ARM Code     208  sys_main.o(.text)
    abs                                      0x0003992c   ARM Code      28  sys_main.o(.text)
    adcNotification                          0x00039948   ARM Code    1816  sys_main.o(.text)
    sciNotification                          0x0003a060   ARM Code      60  sys_main.o(.text)
    ReadFMStatus                             0x0003a09c   ARM Code     104  sys_main.o(.text)
    adcInit                                  0x0003a118   ARM Code     448  adc.o(.text)
    adcStartConversion                       0x0003a2d8   ARM Code      80  adc.o(.text)
    adcStopConversion                        0x0003a328   ARM Code      16  adc.o(.text)
    adcResetFiFo                             0x0003a338   ARM Code      16  adc.o(.text)
    adcGetData                               0x0003a348   ARM Code     252  adc.o(.text)
    adcIsFifoFull                            0x0003a444   ARM Code      20  adc.o(.text)
    adcIsConversionComplete                  0x0003a458   ARM Code      20  adc.o(.text)
    adcCalibration                           0x0003a46c   ARM Code     360  adc.o(.text)
    adcMidPointCalibration                   0x0003a5d4   ARM Code     292  adc.o(.text)
    adcEnableNotification                    0x0003a6f8   ARM Code      48  adc.o(.text)
    adcDisableNotification                   0x0003a728   ARM Code      16  adc.o(.text)
    adcSetEVTPin                             0x0003a738   ARM Code       8  adc.o(.text)
    adcGetEVTPin                             0x0003a740   ARM Code      12  adc.o(.text)
    adc1GetConfigValue                       0x0003a74c   ARM Code     332  adc.o(.text)
    adc2GetConfigValue                       0x0003a898   ARM Code     332  adc.o(.text)
    adc1Group1Interrupt                      0x0003a9e4   ARM Code      36  adc.o(.text)
    esmInit                                  0x0003aa20   ARM Code     180  esm.o(.text)
    esmError                                 0x0003aad4   ARM Code      12  esm.o(.text)
    esmEnableError                           0x0003aae0   ARM Code      20  esm.o(.text)
    esmDisableError                          0x0003aaf4   ARM Code      20  esm.o(.text)
    esmTriggerErrorPinReset                  0x0003ab08   ARM Code      16  esm.o(.text)
    esmActivateNormalOperation               0x0003ab18   ARM Code      12  esm.o(.text)
    esmEnableInterrupt                       0x0003ab24   ARM Code      20  esm.o(.text)
    esmDisableInterrupt                      0x0003ab38   ARM Code      20  esm.o(.text)
    esmSetInterruptLevel                     0x0003ab4c   ARM Code      60  esm.o(.text)
    esmClearStatus                           0x0003ab88   ARM Code      28  esm.o(.text)
    esmClearStatusBuffer                     0x0003aba4   ARM Code      20  esm.o(.text)
    esmSetCounterPreloadValue                0x0003abb8   ARM Code      16  esm.o(.text)
    esmGetStatus                             0x0003abc8   ARM Code      64  esm.o(.text)
    esmGetStatusBuffer                       0x0003ac08   ARM Code      56  esm.o(.text)
    esmEnterSelfTest                         0x0003ac40   ARM Code     100  esm.o(.text)
    esmSelfTestStatus                        0x0003aca4   ARM Code      56  esm.o(.text)
    esmGetConfigValue                        0x0003acdc   ARM Code     156  esm.o(.text)
    esmHighInterrupt                         0x0003ad78   ARM Code     216  esm.o(.text)
    gioInit                                  0x0003ae58   ARM Code     176  gio.o(.text)
    gioSetDirection                          0x0003af08   ARM Code       8  gio.o(.text)
    gioSetBit                                0x0003af10   ARM Code      40  gio.o(.text)
    gioSetPort                               0x0003af38   ARM Code       8  gio.o(.text)
    gioGetBit                                0x0003af40   ARM Code      20  gio.o(.text)
    gioGetPort                               0x0003af54   ARM Code      12  gio.o(.text)
    gioToggleBit                             0x0003af60   ARM Code      48  gio.o(.text)
    gioEnableNotification                    0x0003af90   ARM Code      68  gio.o(.text)
    gioDisableNotification                   0x0003afd4   ARM Code      68  gio.o(.text)
    gioGetConfigValue                        0x0003b018   ARM Code     228  gio.o(.text)
    i2cInit                                  0x0003b134   ARM Code     208  i2c.o(.text)
    i2cSetOwnAdd                             0x0003b204   ARM Code       8  i2c.o(.text)
    i2cSetSlaveAdd                           0x0003b20c   ARM Code       8  i2c.o(.text)
    i2cSetBaudrate                           0x0003b214   ARM Code     152  i2c.o(.text)
    i2cSetStart                              0x0003b2ac   ARM Code      16  i2c.o(.text)
    i2cSetStop                               0x0003b2bc   ARM Code      16  i2c.o(.text)
    i2cSetCount                              0x0003b2cc   ARM Code       8  i2c.o(.text)
    i2cIsTxReady                             0x0003b2d4   ARM Code      16  i2c.o(.text)
    i2cSendByte                              0x0003b2e4   ARM Code      24  i2c.o(.text)
    i2cSend                                  0x0003b2fc   ARM Code     132  i2c.o(.text)
    i2cIsRxReady                             0x0003b380   ARM Code      16  i2c.o(.text)
    i2cIsStopDetected                        0x0003b390   ARM Code      16  i2c.o(.text)
    i2cRxError                               0x0003b3a0   ARM Code      24  i2c.o(.text)
    i2cClearSCD                              0x0003b3b8   ARM Code      12  i2c.o(.text)
    i2cReceiveByte                           0x0003b3c4   ARM Code      28  i2c.o(.text)
    i2cReceive                               0x0003b3e0   ARM Code     116  i2c.o(.text)
    i2cEnableLoopback                        0x0003b454   ARM Code      16  i2c.o(.text)
    i2cDisableLoopback                       0x0003b464   ARM Code      16  i2c.o(.text)
    i2cEnableNotification                    0x0003b474   ARM Code      36  i2c.o(.text)
    i2cDisableNotification                   0x0003b498   ARM Code      48  i2c.o(.text)
    i2cSetMode                               0x0003b4c8   ARM Code      16  i2c.o(.text)
    i2cGetConfigValue                        0x0003b4d8   ARM Code     292  i2c.o(.text)
    i2cSetDirection                          0x0003b5fc   ARM Code      28  i2c.o(.text)
    i2cIsMasterReady                         0x0003b618   ARM Code      36  i2c.o(.text)
    i2cIsBusBusy                             0x0003b63c   ARM Code      40  i2c.o(.text)
    esmGroup1Notification                    0x0003b69c   ARM Code       4  notification.o(.text)
    esmGroup2Notification                    0x0003b6a0   ARM Code       4  notification.o(.text)
    memoryPort0TestFailNotification          0x0003b6a4   ARM Code       4  notification.o(.text)
    memoryPort1TestFailNotification          0x0003b6a8   ARM Code       4  notification.o(.text)
    gioNotification                          0x0003b6ac   ARM Code       4  notification.o(.text)
    i2cNotification                          0x0003b6b0   ARM Code       4  notification.o(.text)
    mibspiNotification                       0x0003b6b4   ARM Code       4  notification.o(.text)
    mibspiGroupNotification                  0x0003b6b8   ARM Code       4  notification.o(.text)
    spiNotification                          0x0003b6bc   ARM Code       4  notification.o(.text)
    spiEndNotification                       0x0003b6c0   ARM Code       4  notification.o(.text)
    pwmNotification                          0x0003b6c4   ARM Code       4  notification.o(.text)
    edgeNotification                         0x0003b6c8   ARM Code       4  notification.o(.text)
    hetNotification                          0x0003b6cc   ARM Code       4  notification.o(.text)
    dmaGroupANotification                    0x0003b6d0   ARM Code       4  notification.o(.text)
    muxInit                                  0x0003b6d4   ARM Code     816  pinmux.o(.text)
    pinmuxGetConfigValue                     0x0003ba04   ARM Code     384  pinmux.o(.text)
    sciInit                                  0x0003bc20   ARM Code     196  sci.o(.text)
    sciSetFunctional                         0x0003bce4   ARM Code       8  sci.o(.text)
    sciSetBaudrate                           0x0003bcec   ARM Code      88  sci.o(.text)
    sciIsTxReady                             0x0003bd44   ARM Code      16  sci.o(.text)
    sciSendByte                              0x0003bd54   ARM Code      24  sci.o(.text)
    sciSend                                  0x0003bd6c   ARM Code     192  sci.o(.text)
    sciIsRxReady                             0x0003be2c   ARM Code      16  sci.o(.text)
    sciIsIdleDetected                        0x0003be3c   ARM Code      16  sci.o(.text)
    sciRxError                               0x0003be4c   ARM Code      24  sci.o(.text)
    sciReceiveByte                           0x0003be64   ARM Code      32  sci.o(.text)
    sciReceive                               0x0003be84   ARM Code     160  sci.o(.text)
    sciEnableLoopback                        0x0003bf24   ARM Code      24  sci.o(.text)
    sciDisableLoopback                       0x0003bf3c   ARM Code      12  sci.o(.text)
    sciEnableNotification                    0x0003bf48   ARM Code      76  sci.o(.text)
    sciDisableNotification                   0x0003bf94   ARM Code      76  sci.o(.text)
    scilinGetConfigValue                     0x0003bfe0   ARM Code     224  sci.o(.text)
    linHighLevelInterrupt                    0x0003c0c0   ARM Code     348  sci.o(.text)
    hetInit                                  0x0003c258   ARM Code     368  het.o(.text)
    pwmStart                                 0x0003c3c8   ARM Code      40  het.o(.text)
    pwmStop                                  0x0003c3f0   ARM Code      40  het.o(.text)
    pwmSetDuty                               0x0003c418   ARM Code     228  het.o(.text)
    pwmSetSignal                             0x0003c4fc   ARM Code     324  het.o(.text)
    pwmGetSignal                             0x0003c640   ARM Code     220  het.o(.text)
    pwmEnableNotification                    0x0003c71c   ARM Code      28  het.o(.text)
    pwmDisableNotification                   0x0003c738   ARM Code      16  het.o(.text)
    edgeResetCounter                         0x0003c748   ARM Code      20  het.o(.text)
    edgeGetCounter                           0x0003c75c   ARM Code      24  het.o(.text)
    edgeEnableNotification                   0x0003c774   ARM Code      28  het.o(.text)
    edgeDisableNotification                  0x0003c790   ARM Code      16  het.o(.text)
    capGetSignal                             0x0003c7a0   ARM Code     148  het.o(.text)
    hetResetTimestamp                        0x0003c834   ARM Code      12  het.o(.text)
    hetGetTimestamp                          0x0003c840   ARM Code      12  het.o(.text)
    het1GetConfigValue                       0x0003c84c   ARM Code     260  het.o(.text)
    het2GetConfigValue                       0x0003c950   ARM Code     252  het.o(.text)
    spiInit                                  0x0003cab0   ARM Code     556  spi.o(.text)
    spiSetFunctional                         0x0003ccdc   ARM Code       8  spi.o(.text)
    spiReceiveData                           0x0003cce4   ARM Code     184  spi.o(.text)
    spiGetData                               0x0003cd9c   ARM Code     176  spi.o(.text)
    spiTransmitData                          0x0003ce4c   ARM Code     192  spi.o(.text)
    spiSendData                              0x0003cf0c   ARM Code     176  spi.o(.text)
    spiTransmitAndReceiveData                0x0003cfbc   ARM Code     200  spi.o(.text)
    spiSendAndGetData                        0x0003d084   ARM Code     216  spi.o(.text)
    SpiTxStatus                              0x0003d15c   ARM Code     112  spi.o(.text)
    SpiRxStatus                              0x0003d1cc   ARM Code     112  spi.o(.text)
    spiEnableLoopback                        0x0003d23c   ARM Code      24  spi.o(.text)
    spiDisableLoopback                       0x0003d254   ARM Code      12  spi.o(.text)
    spiEnableNotification                    0x0003d260   ARM Code      20  spi.o(.text)
    spiDisableNotification                   0x0003d274   ARM Code      16  spi.o(.text)
    spi1GetConfigValue                       0x0003d284   ARM Code     264  spi.o(.text)
    spi2GetConfigValue                       0x0003d38c   ARM Code     264  spi.o(.text)
    phantomInterrupt                         0x0003d528   ARM Code       4  sys_phantom.o(.text)
    selftestFailNotification                 0x0003d52c   ARM Code       4  sys_selftest.o(.text)
    ccmSelfCheck                             0x0003d530   ARM Code     304  sys_selftest.o(.text)
    memoryInit                               0x0003d660   ARM Code      60  sys_selftest.o(.text)
    stcSelfCheck                             0x0003d69c   ARM Code     116  sys_selftest.o(.text)
    cpuSelfTest                              0x0003d710   ARM Code     124  sys_selftest.o(.text)
    pbistSelfCheck                           0x0003d78c   ARM Code     428  sys_selftest.o(.text)
    pbistRun                                 0x0003d938   ARM Code     160  sys_selftest.o(.text)
    pbistStop                                0x0003d9d8   ARM Code      48  sys_selftest.o(.text)
    pbistIsTestCompleted                     0x0003da08   ARM Code      16  sys_selftest.o(.text)
    pbistIsTestPassed                        0x0003da18   ARM Code      32  sys_selftest.o(.text)
    pbistPortTestStatus                      0x0003da38   ARM Code      56  sys_selftest.o(.text)
    efcSelfTest                              0x0003da70   ARM Code      32  sys_selftest.o(.text)
    efcStuckZeroTest                         0x0003da90   ARM Code     140  sys_selftest.o(.text)
    efcCheck                                 0x0003db1c   ARM Code     104  sys_selftest.o(.text)
    checkefcSelfTest                         0x0003db84   ARM Code     108  sys_selftest.o(.text)
    fmcECCcheck                              0x0003dbf0   ARM Code     168  sys_selftest.o(.text)
    fmcBus2Check                             0x0003dc98   ARM Code      64  sys_selftest.o(.text)
    checkB0RAMECC                            0x0003dcd8   ARM Code     396  sys_selftest.o(.text)
    checkB1RAMECC                            0x0003de64   ARM Code     396  sys_selftest.o(.text)
    checkFlashECC                            0x0003dff0   ARM Code     200  sys_selftest.o(.text)
    custom_dabort                            0x0003e0b8   ARM Code       4  sys_selftest.o(.text)
    stcSelfCheckFail                         0x0003e0bc   ARM Code       8  sys_selftest.o(.text)
    cpuSelfTestFail                          0x0003e0c4   ARM Code       8  sys_selftest.o(.text)
    vimParityCheck                           0x0003e0cc   ARM Code     160  sys_selftest.o(.text)
    dmaParityCheck                           0x0003e16c   ARM Code     160  sys_selftest.o(.text)
    het1ParityCheck                          0x0003e20c   ARM Code     160  sys_selftest.o(.text)
    htu1ParityCheck                          0x0003e2ac   ARM Code     172  sys_selftest.o(.text)
    het2ParityCheck                          0x0003e358   ARM Code     336  sys_selftest.o(.text)
    htu2ParityCheck                          0x0003e4a8   ARM Code     172  sys_selftest.o(.text)
    adc1ParityCheck                          0x0003e554   ARM Code     160  sys_selftest.o(.text)
    adc2ParityCheck                          0x0003e5f4   ARM Code     160  sys_selftest.o(.text)
    can1ParityCheck                          0x0003e694   ARM Code     196  sys_selftest.o(.text)
    can2ParityCheck                          0x0003e758   ARM Code     196  sys_selftest.o(.text)
    can3ParityCheck                          0x0003e81c   ARM Code     188  sys_selftest.o(.text)
    mibspi1ParityCheck                       0x0003e8d8   ARM Code     244  sys_selftest.o(.text)
    mibspi3ParityCheck                       0x0003e9cc   ARM Code     244  sys_selftest.o(.text)
    mibspi5ParityCheck                       0x0003eac0   ARM Code     244  sys_selftest.o(.text)
    checkRAMECC                              0x0003ebb4   ARM Code     516  sys_selftest.o(.text)
    checkClockMonitor                        0x0003edb8   ARM Code     180  sys_selftest.o(.text)
    checkFlashEEPROMECC                      0x0003ee6c   ARM Code     348  sys_selftest.o(.text)
    checkPLL1Slip                            0x0003efc8   ARM Code     224  sys_selftest.o(.text)
    checkPLL2Slip                            0x0003f0a8   ARM Code     172  sys_selftest.o(.text)
    checkRAMAddrParity                       0x0003f154   ARM Code     196  sys_selftest.o(.text)
    checkRAMUERRTest                         0x0003f218   ARM Code     424  sys_selftest.o(.text)
    fmcBus1ParityCheck                       0x0003f3c0   ARM Code     264  sys_selftest.o(.text)
    pbistFail                                0x0003f4c8   ARM Code      80  sys_selftest.o(.text)
    pbistGetConfigValue                      0x0003f518   ARM Code     180  sys_selftest.o(.text)
    stcGetConfigValue                        0x0003f5cc   ARM Code      96  sys_selftest.o(.text)
    efcGetConfigValue                        0x0003f62c   ARM Code      96  sys_selftest.o(.text)
    ccmr4GetConfigValue                      0x0003f68c   ARM Code      36  sys_selftest.o(.text)
    errata_PBIST_4                           0x0003f6b0   ARM Code     780  sys_selftest.o(.text)
    enableParity                             0x0003f9bc   ARM Code      96  sys_selftest.o(.text)
    disableParity                            0x0003fa1c   ARM Code      96  sys_selftest.o(.text)
    vimParityErrorHandler                    0x0003fb0c   ARM Code     416  sys_vim.o(.text)
    vimInit                                  0x0003fcac   ARM Code     116  sys_vim.o(.text)
    vimChannelMap                            0x0003fd20   ARM Code      84  sys_vim.o(.text)
    vimEnableInterrupt                       0x0003fd74   ARM Code     292  sys_vim.o(.text)
    vimDisableInterrupt                      0x0003fe98   ARM Code      92  sys_vim.o(.text)
    vimGetConfigValue                        0x0003fef4   ARM Code     728  sys_vim.o(.text)
    setupPLL                                 0x00040240   ARM Code      92  system.o(.text)
    trimLPO                                  0x0004029c   ARM Code      64  system.o(.text)
    setupFlash                               0x000402dc   ARM Code      48  system.o(.text)
    periphInit                               0x0004030c   ARM Code      68  system.o(.text)
    mapClocks                                0x00040350   ARM Code     228  system.o(.text)
    systemInit                               0x00040434   ARM Code     164  system.o(.text)
    systemPowerDown                          0x000404d8   ARM Code      28  system.o(.text)
    systemGetConfigValue                     0x000404f4   ARM Code     732  system.o(.text)
    tcmflashGetConfigValue                   0x000407d0   ARM Code     280  system.o(.text)
    sramGetConfigValue                       0x000408e8   ARM Code     208  system.o(.text)
    _dabort                                  0x000409f0   ARM Code       0  dabort.o(.text)
    _coreInitRegisters_                      0x00040ad8   ARM Code       0  sys_core.o(.text)
    _coreInitStackPointer_                   0x00040be4   ARM Code       0  sys_core.o(.text)
    _getCPSRValue_                           0x00040c30   ARM Code       0  sys_core.o(.text)
    _gotoCPUIdle_                            0x00040c38   ARM Code       0  sys_core.o(.text)
    _coreEnableVfp_                          0x00040c50   ARM Code       0  sys_core.o(.text)
    _coreEnableEventBusExport_               0x00040c68   ARM Code       0  sys_core.o(.text)
    _coreDisableEventBusExport_              0x00040c80   ARM Code       0  sys_core.o(.text)
    _coreEnableRamEcc_                       0x00040c98   ARM Code       0  sys_core.o(.text)
    _coreDisableRamEcc_                      0x00040cb0   ARM Code       0  sys_core.o(.text)
    _coreEnableFlashEcc_                     0x00040cc8   ARM Code       0  sys_core.o(.text)
    _coreDisableFlashEcc_                    0x00040ce4   ARM Code       0  sys_core.o(.text)
    _coreEnableIrqVicOffset_                 0x00040cfc   ARM Code       0  sys_core.o(.text)
    _coreGetDataFault_                       0x00040d14   ARM Code       0  sys_core.o(.text)
    _coreClearDataFault_                     0x00040d1c   ARM Code       0  sys_core.o(.text)
    _coreGetInstructionFault_                0x00040d30   ARM Code       0  sys_core.o(.text)
    _coreClearInstructionFault_              0x00040d38   ARM Code       0  sys_core.o(.text)
    _coreGetDataFaultAddress_                0x00040d4c   ARM Code       0  sys_core.o(.text)
    _coreClearDataFaultAddress_              0x00040d54   ARM Code       0  sys_core.o(.text)
    _coreGetInstructionFaultAddress_         0x00040d68   ARM Code       0  sys_core.o(.text)
    _coreClearInstructionFaultAddress_       0x00040d70   ARM Code       0  sys_core.o(.text)
    _coreGetAuxiliaryDataFault_              0x00040d84   ARM Code       0  sys_core.o(.text)
    _coreClearAuxiliaryDataFault_            0x00040d8c   ARM Code       0  sys_core.o(.text)
    _coreGetAuxiliaryInstructionFault_       0x00040da0   ARM Code       0  sys_core.o(.text)
    _coreClearAuxiliaryInstructionFault_     0x00040da8   ARM Code       0  sys_core.o(.text)
    _disable_interrupt_                      0x00040dbc   ARM Code       0  sys_core.o(.text)
    _disable_FIQ_interrupt_                  0x00040dc4   ARM Code       0  sys_core.o(.text)
    _disable_IRQ_interrupt_                  0x00040dcc   ARM Code       0  sys_core.o(.text)
    _enable_interrupt_                       0x00040dd4   ARM Code       0  sys_core.o(.text)
    _esmCcmErrorsClear_                      0x00040ddc   ARM Code       0  sys_core.o(.text)
    _errata_CORTEXR4_57_                     0x00040e64   ARM Code       0  sys_core.o(.text)
    _errata_CORTEXR4_66_                     0x00040e7c   ARM Code       0  sys_core.o(.text)
    _pmuInit_                                0x00040e94   ARM Code       0  sys_pmu.o(.text)
    _pmuEnableCountersGlobal_                0x00040ee4   ARM Code       0  sys_pmu.o(.text)
    _pmuDisableCountersGlobal_               0x00040efc   ARM Code       0  sys_pmu.o(.text)
    _pmuResetCycleCounter_                   0x00040f14   ARM Code       0  sys_pmu.o(.text)
    _pmuResetEventCounters_                  0x00040f2c   ARM Code       0  sys_pmu.o(.text)
    _pmuResetCounters_                       0x00040f44   ARM Code       0  sys_pmu.o(.text)
    _pmuStartCounters_                       0x00040f5c   ARM Code       0  sys_pmu.o(.text)
    _pmuStopCounters_                        0x00040f64   ARM Code       0  sys_pmu.o(.text)
    _pmuSetCountEvent_                       0x00040f6c   ARM Code       0  sys_pmu.o(.text)
    _pmuGetCycleCount_                       0x00040f7c   ARM Code       0  sys_pmu.o(.text)
    _pmuGetEventCount_                       0x00040f84   ARM Code       0  sys_pmu.o(.text)
    _pmuGetOverflow_                         0x00040f94   ARM Code       0  sys_pmu.o(.text)
    __aeabi_ldivmod                          0x00040fa8   ARM Code       0  llsdiv.o(.text)
    _ll_sdiv                                 0x00040fa8   ARM Code      96  llsdiv.o(.text)
    __aeabi_memcpy4                          0x00041008   ARM Code       0  rt_memcpy_w.o(.text)
    __aeabi_memcpy8                          0x00041008   ARM Code       0  rt_memcpy_w.o(.text)
    __rt_memcpy_w                            0x00041008   ARM Code     100  rt_memcpy_w.o(.text)
    _memcpy_lastbytes_aligned                0x00041054   ARM Code       0  rt_memcpy_w.o(.text)
    __aeabi_memclr4                          0x0004106d   Thumb Code     0  rt_memclr_w.o(.text)
    __aeabi_memclr8                          0x0004106d   Thumb Code     0  rt_memclr_w.o(.text)
    __rt_memclr_w                            0x0004106d   Thumb Code    78  rt_memclr_w.o(.text)
    _memset_w                                0x00041071   Thumb Code     0  rt_memclr_w.o(.text)
    __aeabi_uldivmod                         0x000410bc   ARM Code       0  lludiv5.o(.text)
    _ll_udiv                                 0x000410bc   ARM Code     816  lludiv5.o(.text)
    _ll_udiv_donemoving                      0x000410d0   ARM Code       0  lludiv5.o(.text)
    exit                                     0x000413ed   Thumb Code    12  exit.o(.text)
    _sys_exit                                0x000413f9   Thumb Code     8  sys_exit.o(.text)
    __I$use$semihosting                      0x00041405   Thumb Code     0  use_no_semi.o(.text)
    __use_no_semihosting_swi                 0x00041405   Thumb Code     2  use_no_semi.o(.text)
    __aeabi_ul2f                             0x00041407   Thumb Code     0  ffltll_clz.o(x$fpl$ffltll)
    __semihosting_library_function           0x00041407   Thumb Code     0  indicate_semi.o(.text)
    _ll_uto_f                                0x00041407   Thumb Code     6  ffltll_clz.o(x$fpl$ffltll)
    __aeabi_l2f                              0x0004140d   Thumb Code     0  ffltll_clz.o(x$fpl$ffltll)
    _ll_sto_f                                0x0004140d   Thumb Code    90  ffltll_clz.o(x$fpl$ffltll)
    _fp_init                                 0x00041467   Thumb Code    10  fpinit.o(x$fpl$fpinit)
    __fplib_config_fpu_vfp                   0x0004146f   Thumb Code     0  fpinit.o(x$fpl$fpinit)
    __fplib_config_pureend_doubles           0x0004146f   Thumb Code     0  fpinit.o(x$fpl$fpinit)
    __I$use$fp                               0x00041470   Number         0  usenofp.o(x$fpl$usenofp)
    __aeabi_idiv                             0x00041471   Thumb Code     6  aeabi_sdiv_cr4.o(x$sdiv)
    __aeabi_idivmod                          0x00041477   Thumb Code    12  aeabi_sdiv_cr4.o(x$sdivmod)
    __aeabi_uidiv                            0x00041483   Thumb Code     6  aeabi_sdiv_cr4.o(x$udiv)
    Region$$Table$$Base                      0x000416b8   Number         0  anon$$obj.o(Region$$Table)
    Region$$Table$$Limit                     0x000416d8   Number         0  anon$$obj.o(Region$$Table)
    Image$$ARM_LIB_STACK$$ZI$$Limit          0x08001500   Number         0  anon$$obj.o(ARM_LIB_STACK.bss)
    temperature                              0x08001500   Data           2  sys_main.o(.data)
    rtemperature                             0x08001502   Data           2  sys_main.o(.data)
    temp_write0                              0x08001504   Data           2  sys_main.o(.data)
    TimeSec                                  0x08001508   Data           4  sys_main.o(.data)
    acc2k_time                               0x0800150c   Data           4  sys_main.o(.data)
    tem_t                                    0x08001510   Data           1  sys_main.o(.data)
    second                                   0x08001511   Data           1  sys_main.o(.data)
    minute                                   0x08001512   Data           1  sys_main.o(.data)
    hour                                     0x08001513   Data           1  sys_main.o(.data)
    day                                      0x08001514   Data           1  sys_main.o(.data)
    month                                    0x08001515   Data           1  sys_main.o(.data)
    year                                     0x08001516   Data           1  sys_main.o(.data)
    accr_float                               0x08001518   Data           4  sys_main.o(.data)
    realsecond                               0x0800151c   Data           4  sys_main.o(.data)
    realminute                               0x08001520   Data           4  sys_main.o(.data)
    realhour                                 0x08001524   Data           4  sys_main.o(.data)
    realday                                  0x08001528   Data           4  sys_main.o(.data)
    realmonth                                0x0800152c   Data           4  sys_main.o(.data)
    realyear                                 0x08001530   Data           4  sys_main.o(.data)
    brxstat                                  0x08001534   Data           1  sys_main.o(.data)
    temp_send                                0x08001536   Data           2  sys_main.o(.data)
    accrfloatavg                             0x08001538   Data           4  sys_main.o(.data)
    accrintsend                              0x0800153c   Data           4  sys_main.o(.data)
    acczfloatavg                             0x08001540   Data           4  sys_main.o(.data)
    accxfloatavg                             0x08001544   Data           4  sys_main.o(.data)
    accyfloatavg                             0x08001548   Data           4  sys_main.o(.data)
    i_rcv                                    0x0800154c   Data           1  sys_main.o(.data)
    adcflag                                  0x0800154d   Data           1  sys_main.o(.data)
    floatx                                   0x0800154e   Data           2  sys_main.o(.data)
    floaty                                   0x08001550   Data           2  sys_main.o(.data)
    floatz                                   0x08001552   Data           2  sys_main.o(.data)
    accx_f0                                  0x08001554   Data           4  sys_main.o(.data)
    accy_f0                                  0x08001558   Data           4  sys_main.o(.data)
    accz_f0                                  0x0800155c   Data           4  sys_main.o(.data)
    accr_f0                                  0x08001560   Data           4  sys_main.o(.data)
    rtemperature_sum                         0x08001564   Data           4  sys_main.o(.data)
    rtemperature_f0                          0x08001568   Data           4  sys_main.o(.data)
    bComHighSpeed                            0x0800156c   Data           1  sys_main.o(.data)
    sav_addr0                                0x08001570   Data           4  sys_main.o(.data)
    sav_addr1_xy0z0r0                        0x08001574   Data           4  sys_main.o(.data)
    sav_addr1_xy0z0r1                        0x08001578   Data           4  sys_main.o(.data)
    sav_addr1_xy0z0r2                        0x0800157c   Data           4  sys_main.o(.data)
    sav_addr1_xy0z0r3                        0x08001580   Data           4  sys_main.o(.data)
    sav_addr1_xy0z0r4                        0x08001584   Data           4  sys_main.o(.data)
    sav_addr1_xy0z0r5                        0x08001588   Data           4  sys_main.o(.data)
    sav_addr1_xy0z1r0                        0x0800158c   Data           4  sys_main.o(.data)
    sav_addr1_xy0z1r1                        0x08001590   Data           4  sys_main.o(.data)
    sav_addr1_xy0z1r2                        0x08001594   Data           4  sys_main.o(.data)
    sav_addr1_xy0z1r3                        0x08001598   Data           4  sys_main.o(.data)
    sav_addr1_xy0z1r4                        0x0800159c   Data           4  sys_main.o(.data)
    sav_addr1_xy0z1r5                        0x080015a0   Data           4  sys_main.o(.data)
    sav_addr1_xy0z2r0                        0x080015a4   Data           4  sys_main.o(.data)
    sav_addr1_xy0z2r1                        0x080015a8   Data           4  sys_main.o(.data)
    sav_addr1_xy0z2r2                        0x080015ac   Data           4  sys_main.o(.data)
    sav_addr1_xy0z2r3                        0x080015b0   Data           4  sys_main.o(.data)
    sav_addr1_xy0z2r4                        0x080015b4   Data           4  sys_main.o(.data)
    sav_addr1_xy0z2r5                        0x080015b8   Data           4  sys_main.o(.data)
    sav_addr1_xy0z3r0                        0x080015bc   Data           4  sys_main.o(.data)
    sav_addr1_xy0z3r1                        0x080015c0   Data           4  sys_main.o(.data)
    sav_addr1_xy0z3r2                        0x080015c4   Data           4  sys_main.o(.data)
    sav_addr1_xy0z3r3                        0x080015c8   Data           4  sys_main.o(.data)
    sav_addr1_xy0z3r4                        0x080015cc   Data           4  sys_main.o(.data)
    sav_addr1_xy0z3r5                        0x080015d0   Data           4  sys_main.o(.data)
    sav_addr1_xy0z4r0                        0x080015d4   Data           4  sys_main.o(.data)
    sav_addr1_xy0z4r1                        0x080015d8   Data           4  sys_main.o(.data)
    sav_addr1_xy0z4r2                        0x080015dc   Data           4  sys_main.o(.data)
    sav_addr1_xy0z4r3                        0x080015e0   Data           4  sys_main.o(.data)
    sav_addr1_xy0z4r4                        0x080015e4   Data           4  sys_main.o(.data)
    sav_addr1_xy0z4r5                        0x080015e8   Data           4  sys_main.o(.data)
    sav_addr1_xy1z0r0                        0x080015ec   Data           4  sys_main.o(.data)
    sav_addr1_xy1z0r1                        0x080015f0   Data           4  sys_main.o(.data)
    sav_addr1_xy1z0r2                        0x080015f4   Data           4  sys_main.o(.data)
    sav_addr1_xy1z0r3                        0x080015f8   Data           4  sys_main.o(.data)
    sav_addr1_xy1z0r4                        0x080015fc   Data           4  sys_main.o(.data)
    sav_addr1_xy1z0r5                        0x08001600   Data           4  sys_main.o(.data)
    sav_addr1_xy1z1r0                        0x08001604   Data           4  sys_main.o(.data)
    sav_addr1_xy1z1r1                        0x08001608   Data           4  sys_main.o(.data)
    sav_addr1_xy1z1r2                        0x0800160c   Data           4  sys_main.o(.data)
    sav_addr1_xy1z1r3                        0x08001610   Data           4  sys_main.o(.data)
    sav_addr1_xy1z1r4                        0x08001614   Data           4  sys_main.o(.data)
    sav_addr1_xy1z1r5                        0x08001618   Data           4  sys_main.o(.data)
    sav_addr1_xy1z2r0                        0x0800161c   Data           4  sys_main.o(.data)
    sav_addr1_xy1z2r1                        0x08001620   Data           4  sys_main.o(.data)
    sav_addr1_xy1z2r2                        0x08001624   Data           4  sys_main.o(.data)
    sav_addr1_xy1z2r3                        0x08001628   Data           4  sys_main.o(.data)
    sav_addr1_xy1z2r4                        0x0800162c   Data           4  sys_main.o(.data)
    sav_addr1_xy1z2r5                        0x08001630   Data           4  sys_main.o(.data)
    sav_addr1_xy1z3r0                        0x08001634   Data           4  sys_main.o(.data)
    sav_addr1_xy1z3r1                        0x08001638   Data           4  sys_main.o(.data)
    sav_addr1_xy1z3r2                        0x0800163c   Data           4  sys_main.o(.data)
    sav_addr1_xy1z3r3                        0x08001640   Data           4  sys_main.o(.data)
    sav_addr1_xy1z3r4                        0x08001644   Data           4  sys_main.o(.data)
    sav_addr1_xy1z3r5                        0x08001648   Data           4  sys_main.o(.data)
    sav_addr1_xy1z4r0                        0x0800164c   Data           4  sys_main.o(.data)
    sav_addr1_xy1z4r1                        0x08001650   Data           4  sys_main.o(.data)
    sav_addr1_xy1z4r2                        0x08001654   Data           4  sys_main.o(.data)
    sav_addr1_xy1z4r3                        0x08001658   Data           4  sys_main.o(.data)
    sav_addr1_xy1z4r4                        0x0800165c   Data           4  sys_main.o(.data)
    sav_addr1_xy1z4r5                        0x08001660   Data           4  sys_main.o(.data)
    sav_addr1_xy2z0r0                        0x08001664   Data           4  sys_main.o(.data)
    sav_addr1_xy2z0r1                        0x08001668   Data           4  sys_main.o(.data)
    sav_addr1_xy2z0r2                        0x0800166c   Data           4  sys_main.o(.data)
    sav_addr1_xy2z0r3                        0x08001670   Data           4  sys_main.o(.data)
    sav_addr1_xy2z0r4                        0x08001674   Data           4  sys_main.o(.data)
    sav_addr1_xy2z0r5                        0x08001678   Data           4  sys_main.o(.data)
    sav_addr1_xy2z1r0                        0x0800167c   Data           4  sys_main.o(.data)
    sav_addr1_xy2z1r1                        0x08001680   Data           4  sys_main.o(.data)
    sav_addr1_xy2z1r2                        0x08001684   Data           4  sys_main.o(.data)
    sav_addr1_xy2z1r3                        0x08001688   Data           4  sys_main.o(.data)
    sav_addr1_xy2z1r4                        0x0800168c   Data           4  sys_main.o(.data)
    sav_addr1_xy2z1r5                        0x08001690   Data           4  sys_main.o(.data)
    sav_addr1_xy2z2r0                        0x08001694   Data           4  sys_main.o(.data)
    sav_addr1_xy2z2r1                        0x08001698   Data           4  sys_main.o(.data)
    sav_addr1_xy2z2r2                        0x0800169c   Data           4  sys_main.o(.data)
    sav_addr1_xy2z2r3                        0x080016a0   Data           4  sys_main.o(.data)
    sav_addr1_xy2z2r4                        0x080016a4   Data           4  sys_main.o(.data)
    sav_addr1_xy2z2r5                        0x080016a8   Data           4  sys_main.o(.data)
    sav_addr1_xy2z3r0                        0x080016ac   Data           4  sys_main.o(.data)
    sav_addr1_xy2z3r1                        0x080016b0   Data           4  sys_main.o(.data)
    sav_addr1_xy2z3r2                        0x080016b4   Data           4  sys_main.o(.data)
    sav_addr1_xy2z3r3                        0x080016b8   Data           4  sys_main.o(.data)
    sav_addr1_xy2z3r4                        0x080016bc   Data           4  sys_main.o(.data)
    sav_addr1_xy2z3r5                        0x080016c0   Data           4  sys_main.o(.data)
    sav_addr1_xy2z4r0                        0x080016c4   Data           4  sys_main.o(.data)
    sav_addr1_xy2z4r1                        0x080016c8   Data           4  sys_main.o(.data)
    sav_addr1_xy2z4r2                        0x080016cc   Data           4  sys_main.o(.data)
    sav_addr1_xy2z4r3                        0x080016d0   Data           4  sys_main.o(.data)
    sav_addr1_xy2z4r4                        0x080016d4   Data           4  sys_main.o(.data)
    sav_addr1_xy2z4r5                        0x080016d8   Data           4  sys_main.o(.data)
    sav_addr1_xy3z0r0                        0x080016dc   Data           4  sys_main.o(.data)
    sav_addr1_xy3z0r1                        0x080016e0   Data           4  sys_main.o(.data)
    sav_addr1_xy3z0r2                        0x080016e4   Data           4  sys_main.o(.data)
    sav_addr1_xy3z0r3                        0x080016e8   Data           4  sys_main.o(.data)
    sav_addr1_xy3z0r4                        0x080016ec   Data           4  sys_main.o(.data)
    sav_addr1_xy3z0r5                        0x080016f0   Data           4  sys_main.o(.data)
    sav_addr1_xy3z1r0                        0x080016f4   Data           4  sys_main.o(.data)
    sav_addr1_xy3z1r1                        0x080016f8   Data           4  sys_main.o(.data)
    sav_addr1_xy3z1r2                        0x080016fc   Data           4  sys_main.o(.data)
    sav_addr1_xy3z1r3                        0x08001700   Data           4  sys_main.o(.data)
    sav_addr1_xy3z1r4                        0x08001704   Data           4  sys_main.o(.data)
    sav_addr1_xy3z1r5                        0x08001708   Data           4  sys_main.o(.data)
    sav_addr1_xy3z2r0                        0x0800170c   Data           4  sys_main.o(.data)
    sav_addr1_xy3z2r1                        0x08001710   Data           4  sys_main.o(.data)
    sav_addr1_xy3z2r2                        0x08001714   Data           4  sys_main.o(.data)
    sav_addr1_xy3z2r3                        0x08001718   Data           4  sys_main.o(.data)
    sav_addr1_xy3z2r4                        0x0800171c   Data           4  sys_main.o(.data)
    sav_addr1_xy3z2r5                        0x08001720   Data           4  sys_main.o(.data)
    sav_addr1_xy3z3r0                        0x08001724   Data           4  sys_main.o(.data)
    sav_addr1_xy3z3r1                        0x08001728   Data           4  sys_main.o(.data)
    sav_addr1_xy3z3r2                        0x0800172c   Data           4  sys_main.o(.data)
    sav_addr1_xy3z3r3                        0x08001730   Data           4  sys_main.o(.data)
    sav_addr1_xy3z3r4                        0x08001734   Data           4  sys_main.o(.data)
    sav_addr1_xy3z3r5                        0x08001738   Data           4  sys_main.o(.data)
    sav_addr1_xy3z4r0                        0x0800173c   Data           4  sys_main.o(.data)
    sav_addr1_xy3z4r1                        0x08001740   Data           4  sys_main.o(.data)
    sav_addr1_xy3z4r2                        0x08001744   Data           4  sys_main.o(.data)
    sav_addr1_xy3z4r3                        0x08001748   Data           4  sys_main.o(.data)
    sav_addr1_xy3z4r4                        0x0800174c   Data           4  sys_main.o(.data)
    sav_addr1_xy3z4r5                        0x08001750   Data           4  sys_main.o(.data)
    sav_addr1_xy4z0r0                        0x08001754   Data           4  sys_main.o(.data)
    sav_addr1_xy4z0r1                        0x08001758   Data           4  sys_main.o(.data)
    sav_addr1_xy4z0r2                        0x0800175c   Data           4  sys_main.o(.data)
    sav_addr1_xy4z0r3                        0x08001760   Data           4  sys_main.o(.data)
    sav_addr1_xy4z0r4                        0x08001764   Data           4  sys_main.o(.data)
    sav_addr1_xy4z0r5                        0x08001768   Data           4  sys_main.o(.data)
    sav_addr1_xy4z1r0                        0x0800176c   Data           4  sys_main.o(.data)
    sav_addr1_xy4z1r1                        0x08001770   Data           4  sys_main.o(.data)
    sav_addr1_xy4z1r2                        0x08001774   Data           4  sys_main.o(.data)
    sav_addr1_xy4z1r3                        0x08001778   Data           4  sys_main.o(.data)
    sav_addr1_xy4z1r4                        0x0800177c   Data           4  sys_main.o(.data)
    sav_addr1_xy4z1r5                        0x08001780   Data           4  sys_main.o(.data)
    sav_addr1_xy4z2r0                        0x08001784   Data           4  sys_main.o(.data)
    sav_addr1_xy4z2r1                        0x08001788   Data           4  sys_main.o(.data)
    sav_addr1_xy4z2r2                        0x0800178c   Data           4  sys_main.o(.data)
    sav_addr1_xy4z2r3                        0x08001790   Data           4  sys_main.o(.data)
    sav_addr1_xy4z2r4                        0x08001794   Data           4  sys_main.o(.data)
    sav_addr1_xy4z2r5                        0x08001798   Data           4  sys_main.o(.data)
    sav_addr1_xy4z3r0                        0x0800179c   Data           4  sys_main.o(.data)
    sav_addr1_xy4z3r1                        0x080017a0   Data           4  sys_main.o(.data)
    sav_addr1_xy4z3r2                        0x080017a4   Data           4  sys_main.o(.data)
    sav_addr1_xy4z3r3                        0x080017a8   Data           4  sys_main.o(.data)
    sav_addr1_xy4z3r4                        0x080017ac   Data           4  sys_main.o(.data)
    sav_addr1_xy4z3r5                        0x080017b0   Data           4  sys_main.o(.data)
    sav_addr1_xy4z4r0                        0x080017b4   Data           4  sys_main.o(.data)
    sav_addr1_xy4z4r1                        0x080017b8   Data           4  sys_main.o(.data)
    sav_addr1_xy4z4r2                        0x080017bc   Data           4  sys_main.o(.data)
    sav_addr1_xy4z4r3                        0x080017c0   Data           4  sys_main.o(.data)
    sav_addr1_xy4z4r4                        0x080017c4   Data           4  sys_main.o(.data)
    sav_addr1_xy4z4r5                        0x080017c8   Data           4  sys_main.o(.data)
    sav_cnt                                  0x080017cc   Data           4  sys_main.o(.data)
    page_cnt                                 0x080017d0   Data           4  sys_main.o(.data)
    ia2k                                     0x080017d4   Data           4  sys_main.o(.data)
    ia2k_sav_cnt                             0x080017d8   Data           4  sys_main.o(.data)
    bsav_level                               0x080017dc   Data           1  sys_main.o(.data)
    bsav_data                                0x080017dd   Data           1  sys_main.o(.data)
    accx_sum                                 0x080017e0   Data           4  sys_main.o(.data)
    accy_sum                                 0x080017e4   Data           4  sys_main.o(.data)
    accz_sum                                 0x080017e8   Data           4  sys_main.o(.data)
    accr_sum                                 0x080017ec   Data           4  sys_main.o(.data)
    rms_sum_sec_x                            0x080017f0   Data           8  sys_main.o(.data)
    rms_sum_sec_y                            0x080017f8   Data           8  sys_main.o(.data)
    rms_sum_sec_z                            0x08001800   Data           8  sys_main.o(.data)
    rms_sum_sec_x_float                      0x08001808   Data           4  sys_main.o(.data)
    rms_sum_sec_y_float                      0x0800180c   Data           4  sys_main.o(.data)
    rms_sum_sec_z_float                      0x08001810   Data           4  sys_main.o(.data)
    rms_sec_cur_x                            0x08001818   Data           8  sys_main.o(.data)
    rms_sec_cur_y                            0x08001820   Data           8  sys_main.o(.data)
    rms_sec_cur_z                            0x08001828   Data           8  sys_main.o(.data)
    rms_sec_cur_z_float                      0x08001830   Data           4  sys_main.o(.data)
    peak_sec_x                               0x08001834   Data           4  sys_main.o(.data)
    peak_sec_y                               0x08001838   Data           4  sys_main.o(.data)
    peak_sec_z                               0x0800183c   Data           4  sys_main.o(.data)
    peak_sec_r                               0x08001840   Data           4  sys_main.o(.data)
    peak_sec_x_float                         0x08001844   Data           4  sys_main.o(.data)
    peak_sec_y_float                         0x08001848   Data           4  sys_main.o(.data)
    peak_sec_z_float                         0x0800184c   Data           4  sys_main.o(.data)
    peak_sec_r_float                         0x08001850   Data           4  sys_main.o(.data)
    peak_sec_cur_x                           0x08001854   Data           4  sys_main.o(.data)
    peak_sec_cur_y                           0x08001858   Data           4  sys_main.o(.data)
    peak_sec_cur_z                           0x0800185c   Data           4  sys_main.o(.data)
    peak_sec_cur_r                           0x08001860   Data           4  sys_main.o(.data)
    peak_sec_cur_r_float                     0x08001864   Data           4  sys_main.o(.data)
    bottom_sec_cur_r                         0x08001868   Data           4  sys_main.o(.data)
    bottom_sec_r                             0x0800186c   Data           4  sys_main.o(.data)
    bottom_sec_cur_r_float                   0x08001870   Data           4  sys_main.o(.data)
    bottom_sec_r_float                       0x08001874   Data           4  sys_main.o(.data)
    avg_sec_x                                0x08001878   Data           4  sys_main.o(.data)
    avg_sec_y                                0x0800187c   Data           4  sys_main.o(.data)
    avg_sec_z                                0x08001880   Data           4  sys_main.o(.data)
    avg_sec_r                                0x08001884   Data           4  sys_main.o(.data)
    avg_sec_x_float                          0x08001888   Data           4  sys_main.o(.data)
    avg_sec_y_float                          0x0800188c   Data           4  sys_main.o(.data)
    avg_sec_z_float                          0x08001890   Data           4  sys_main.o(.data)
    avg_sec_r_float                          0x08001894   Data           4  sys_main.o(.data)
    avg_sec_cur_x                            0x08001898   Data           2  sys_main.o(.data)
    avg_sec_cur_y                            0x0800189a   Data           2  sys_main.o(.data)
    avg_sec_cur_z                            0x0800189c   Data           2  sys_main.o(.data)
    avg_sec_cur_r                            0x0800189e   Data           2  sys_main.o(.data)
    avg_sec_cur_r_float                      0x080018a0   Data           4  sys_main.o(.data)
    rms_sum_bulk                             0x080018a8   Data           8  sys_main.o(.data)
    rms_sum_bulk_float                       0x080018b0   Data           4  sys_main.o(.data)
    rms_cur_bulk                             0x080018b8   Data           8  sys_main.o(.data)
    rms_cur_bulk_float                       0x080018c0   Data           4  sys_main.o(.data)
    gioA_tmp1                                0x080018c4   Data           4  sys_main.o(.data)
    gioB_tmp1                                0x080018c8   Data           4  sys_main.o(.data)
    gioA_tmp0                                0x080018cc   Data           4  sys_main.o(.data)
    gioB_tmp0                                0x080018d0   Data           4  sys_main.o(.data)
    bstart_tx                                0x080018d4   Data           1  sys_main.o(.data)
    sendmode                                 0x080018d5   Data           1  sys_main.o(.data)
    bSend                                    0x080018d6   Data           1  sys_main.o(.data)
    bSave                                    0x080018d7   Data           1  sys_main.o(.data)
    bAdc                                     0x080018d8   Data           1  sys_main.o(.data)
    sav_stat                                 0x080018d9   Data           1  sys_main.o(.data)
    btxstat                                  0x080018da   Data           1  sys_main.o(.data)
    bi2cstat                                 0x080018db   Data           1  sys_main.o(.data)
    sav_fm_stat                              0x080018dc   Data           4  sys_main.o(.data)
    bSaveFM                                  0x080018e0   Data           1  sys_main.o(.data)
    minusR                                   0x080018e2   Data           2  sys_main.o(.data)
    xylevel                                  0x080018e4   Data           1  sys_main.o(.data)
    zlevel                                   0x080018e5   Data           1  sys_main.o(.data)
    rlevel                                   0x080018e6   Data           1  sys_main.o(.data)
    level                                    0x080018e7   Data           1  sys_main.o(.data)
    s1                                       0x080018e8   Data           4  sys_main.o(.data)
    s2                                       0x080018ec   Data           4  sys_main.o(.data)
    iTick                                    0x080018f0   Data           4  sys_main.o(.data)
    bStartI2c                                0x080018f4   Data           1  sys_main.o(.data)
    dr                                       0x080018f8   Data           4  sys_main.o(.data)
    xy5                                      0x080018fc   Data           4  sys_main.o(.data)
    xy5float                                 0x08001900   Data           4  sys_main.o(.data)
    z5                                       0x08001904   Data           4  sys_main.o(.data)
    z5float                                  0x08001908   Data           4  sys_main.o(.data)
    drfloat                                  0x0800190c   Data           4  sys_main.o(.data)
    ovtime                                   0x08001910   Data           4  sys_main.o(.data)
    ovtimeX                                  0x08001914   Data           4  sys_main.o(.data)
    i2c_datah                                0x08001918   Data           4  sys_main.o(.data)
    i2c_datal                                0x0800191c   Data           4  sys_main.o(.data)
    data_send                                0x08001920   Data           2  sys_main.o(.data)
    rxdata                                   0x08001924   Data           4  sys_main.o(.data)
    rxdata1                                  0x08001928   Data           4  sys_main.o(.data)
    rxdata2                                  0x0800192c   Data           4  sys_main.o(.data)
    rxdata3                                  0x08001930   Data           4  sys_main.o(.data)
    rxdata4                                  0x08001934   Data           4  sys_main.o(.data)
    parameter                                0x08001938   Data           4  sys_main.o(.data)
    check                                    0x0800193c   Data           2  sys_main.o(.data)
    cksmspi1                                 0x08001940   Data           4  sys_main.o(.data)
    cksmrecover                              0x08001944   Data           4  sys_main.o(.data)
    rcvspicksm                               0x08001948   Data           4  sys_main.o(.data)
    txdata                                   0x0800194c   Data           2  sys_main.o(.data)
    txdata1                                  0x0800194e   Data           2  sys_main.o(.data)
    txdata2                                  0x08001950   Data           2  sys_main.o(.data)
    bulk_select                              0x08001952   Data           2  sys_main.o(.data)
    baud                                     0x08001954   Data           2  sys_main.o(.data)
    LB                                       0x08001958   Data           4  sys_main.o(.data)
    LBN                                      0x0800195c   Data           2  sys_main.o(.data)
    tool_ID                                  0x08001960   Data           8  sys_main.o(.data)
    tool_ID0                                 0x08001968   Data           1  sys_main.o(.data)
    tool_ID1                                 0x08001969   Data           1  sys_main.o(.data)
    tool_ID2                                 0x0800196a   Data           1  sys_main.o(.data)
    tool_ID3                                 0x0800196b   Data           1  sys_main.o(.data)
    tool_ID4                                 0x0800196c   Data           1  sys_main.o(.data)
    tool_ID5                                 0x0800196d   Data           1  sys_main.o(.data)
    tool_ID6                                 0x0800196e   Data           1  sys_main.o(.data)
    tool_ID7                                 0x0800196f   Data           1  sys_main.o(.data)
    CHKS                                     0x08001970   Data           2  sys_main.o(.data)
    mode                                     0x08001972   Data           1  sys_main.o(.data)
    accx_send                                0x08001978   Data           2  sys_main.o(.data)
    accy_send                                0x0800197a   Data           2  sys_main.o(.data)
    accz_send                                0x0800197c   Data           2  sys_main.o(.data)
    accr_send                                0x0800197e   Data           2  sys_main.o(.data)
    accr_tmp                                 0x08001980   Data           2  sys_main.o(.data)
    accrfloatsend                            0x08001984   Data           4  sys_main.o(.data)
    acczfloatsend                            0x08001988   Data           4  sys_main.o(.data)
    accxfloatsend                            0x0800198c   Data           4  sys_main.o(.data)
    accyfloatsend                            0x08001990   Data           4  sys_main.o(.data)
    psav_addr1                               0x08001994   Data           4  sys_main.o(.data)
    tmp_spi                                  0x08001998   Data           4  sys_main.o(.data)
    dataconfig1_t                            0x0800199c   Data           4  sys_main.o(.data)
    ar                                       0x080019a0   Data           4  sys_main.o(.data)
    br                                       0x080019a4   Data           4  sys_main.o(.data)
    cr                                       0x080019a8   Data           4  sys_main.o(.data)
    xy1                                      0x080019ac   Data           4  sys_main.o(.data)
    xy2                                      0x080019b0   Data           4  sys_main.o(.data)
    xy3                                      0x080019b4   Data           4  sys_main.o(.data)
    xy4                                      0x080019b8   Data           4  sys_main.o(.data)
    xy1float                                 0x080019bc   Data           4  sys_main.o(.data)
    xy2float                                 0x080019c0   Data           4  sys_main.o(.data)
    xy3float                                 0x080019c4   Data           4  sys_main.o(.data)
    xy4float                                 0x080019c8   Data           4  sys_main.o(.data)
    z1                                       0x080019cc   Data           4  sys_main.o(.data)
    z2                                       0x080019d0   Data           4  sys_main.o(.data)
    z3                                       0x080019d4   Data           4  sys_main.o(.data)
    z4                                       0x080019d8   Data           4  sys_main.o(.data)
    z1float                                  0x080019dc   Data           4  sys_main.o(.data)
    z2float                                  0x080019e0   Data           4  sys_main.o(.data)
    z3float                                  0x080019e4   Data           4  sys_main.o(.data)
    z4float                                  0x080019e8   Data           4  sys_main.o(.data)
    arfloat                                  0x080019ec   Data           4  sys_main.o(.data)
    brfloat                                  0x080019f0   Data           4  sys_main.o(.data)
    crfloat                                  0x080019f4   Data           4  sys_main.o(.data)
    tmp                                      0x080019f8   Data           4  sys_main.o(.data)
    datalength                               0x080019fc   Data           2  sys_main.o(.data)
    pword                                    0x08001a00   Data           4  sys_main.o(.data)
    p                                        0x08001a04   Data           4  sys_main.o(.data)
    bF                                       0x08002148   Data          40  sys_main.o(.bss)
    rcvdata                                  0x08002170   Data          64  sys_main.o(.bss)
    accx_2k_buf0                             0x080021b0   Data       20480  sys_main.o(.bss)
    accy_2k_buf0                             0x080071b0   Data       20480  sys_main.o(.bss)
    accz_2k_buf0                             0x0800c1b0   Data       20480  sys_main.o(.bss)
    accr_2k_buf0                             0x080111b0   Data       20480  sys_main.o(.bss)
    accx_2k_buf1                             0x080161b0   Data       20480  sys_main.o(.bss)
    accy_2k_buf1                             0x0801b1b0   Data       20480  sys_main.o(.bss)
    accz_2k_buf1                             0x080201b0   Data       20480  sys_main.o(.bss)
    accr_2k_buf1                             0x080251b0   Data       20480  sys_main.o(.bss)
    data                                     0x0802a1b0   Data         608  sys_main.o(.bss)
    adc_data1                                0x0802a410   Data          24  sys_main.o(.bss)
    adc_data2                                0x0802a428   Data          24  sys_main.o(.bss)



==============================================================================

Memory Map of the image

  Image Entry point : 0x000002b4

  Load Region FLASH (Base: 0x00000000, Size: 0x00042320, Max: 0x00300000, ABSOLUTE, COMPRESSED[0x00041b5c])

    Execution Region VECTORS (Base: 0x00000000, Size: 0x00000020, Max: 0x00000020, ABSOLUTE)

    Base Addr    Size         Type   Attr      Idx    E Section Name        Object

    0x00000000   0x00000020   Code   RO          413    intvecs             sys_intvecs.o


    Execution Region FLASH0 (Base: 0x00000020, Size: 0x000416b8, Max: 0x0017ffe0, ABSOLUTE)

    Base Addr    Size         Type   Attr      Idx    E Section Name        Object

    0x00000020   0x00000294   Code   RO          368    reset               sys_startup.o
    0x000002b4   0x00000008   Code   RO          474  * !!!main             c_2.b(__main.o)
    0x000002bc   0x00000034   Code   RO          656    !!!scatter          c_2.b(__scatter.o)
    0x000002f0   0x00000064   Code   RO          654    !!dclz77c           c_2.b(__dclz77c.o)
    0x00000354   0x0000001c   Code   RO          658    !!handler_zi        c_2.b(__scatter_zi.o)
    0x00000370   0x00000002   Code   RO          525    .ARM.Collect$$libinit$$00000000  c_2.b(libinit.o)
    0x00000372   0x00000004   Code   RO          539    .ARM.Collect$$libinit$$00000001  c_2.b(libinit2.o)
    0x00000376   0x00000000   Code   RO          543    .ARM.Collect$$libinit$$00000008  c_2.b(libinit2.o)
    0x00000376   0x00000000   Code   RO          545    .ARM.Collect$$libinit$$0000000A  c_2.b(libinit2.o)
    0x00000376   0x00000000   Code   RO          547    .ARM.Collect$$libinit$$0000000C  c_2.b(libinit2.o)
    0x00000376   0x00000000   Code   RO          550    .ARM.Collect$$libinit$$0000000F  c_2.b(libinit2.o)
    0x00000376   0x00000000   Code   RO          552    .ARM.Collect$$libinit$$00000011  c_2.b(libinit2.o)
    0x00000376   0x00000000   Code   RO          554    .ARM.Collect$$libinit$$00000013  c_2.b(libinit2.o)
    0x00000376   0x00000000   Code   RO          556    .ARM.Collect$$libinit$$00000015  c_2.b(libinit2.o)
    0x00000376   0x00000000   Code   RO          558    .ARM.Collect$$libinit$$00000017  c_2.b(libinit2.o)
    0x00000376   0x00000000   Code   RO          560    .ARM.Collect$$libinit$$00000019  c_2.b(libinit2.o)
    0x00000376   0x00000000   Code   RO          562    .ARM.Collect$$libinit$$0000001B  c_2.b(libinit2.o)
    0x00000376   0x00000000   Code   RO          564    .ARM.Collect$$libinit$$0000001D  c_2.b(libinit2.o)
    0x00000376   0x00000000   Code   RO          566    .ARM.Collect$$libinit$$0000001F  c_2.b(libinit2.o)
    0x00000376   0x00000000   Code   RO          568    .ARM.Collect$$libinit$$00000021  c_2.b(libinit2.o)
    0x00000376   0x00000000   Code   RO          570    .ARM.Collect$$libinit$$00000023  c_2.b(libinit2.o)
    0x00000376   0x00000000   Code   RO          574    .ARM.Collect$$libinit$$0000002A  c_2.b(libinit2.o)
    0x00000376   0x00000000   Code   RO          576    .ARM.Collect$$libinit$$0000002C  c_2.b(libinit2.o)
    0x00000376   0x00000000   Code   RO          578    .ARM.Collect$$libinit$$0000002E  c_2.b(libinit2.o)
    0x00000376   0x00000000   Code   RO          580    .ARM.Collect$$libinit$$00000030  c_2.b(libinit2.o)
    0x00000376   0x00000002   Code   RO          581    .ARM.Collect$$libinit$$00000031  c_2.b(libinit2.o)
    0x00000378   0x00000002   Code   RO          612    .ARM.Collect$$libshutdown$$00000000  c_2.b(libshutdown.o)
    0x0000037a   0x00000000   Code   RO          639    .ARM.Collect$$libshutdown$$00000003  c_2.b(libshutdown2.o)
    0x0000037a   0x00000000   Code   RO          642    .ARM.Collect$$libshutdown$$00000006  c_2.b(libshutdown2.o)
    0x0000037a   0x00000000   Code   RO          645    .ARM.Collect$$libshutdown$$00000009  c_2.b(libshutdown2.o)
    0x0000037a   0x00000000   Code   RO          647    .ARM.Collect$$libshutdown$$0000000B  c_2.b(libshutdown2.o)
    0x0000037a   0x00000000   Code   RO          650    .ARM.Collect$$libshutdown$$0000000E  c_2.b(libshutdown2.o)
    0x0000037a   0x00000002   Code   RO          651    .ARM.Collect$$libshutdown$$0000000F  c_2.b(libshutdown2.o)
    0x0000037c   0x00000000   Code   RO          478    .ARM.Collect$$rtentry$$00000000  c_2.b(rtentry.o)
    0x0000037c   0x00000000   Code   RO          487    .ARM.Collect$$rtentry$$00000002  c_2.b(rtentry2.o)
    0x0000037c   0x00000004   Code   RO          501    .ARM.Collect$$rtentry$$00000007  c_2.b(rtentry7.o)
    0x00000380   0x00000000   Code   RO          489    .ARM.Collect$$rtentry$$00000009  c_2.b(rtentry2.o)
    0x00000380   0x00000004   Code   RO          490    .ARM.Collect$$rtentry$$0000000A  c_2.b(rtentry2.o)
    0x00000384   0x00000000   Code   RO          492    .ARM.Collect$$rtentry$$0000000C  c_2.b(rtentry2.o)
    0x00000384   0x00000008   Code   RO          493    .ARM.Collect$$rtentry$$0000000D  c_2.b(rtentry2.o)
    0x0000038c   0x00000004   Code   RO          502    .ARM.Collect$$rtentry$$00002718  c_2.b(rtentry7.o)
    0x00000390   0x00000002   Code   RO          531    .ARM.Collect$$rtexit$$00000000  c_2.b(rtexit.o)
    0x00000392   0x00000000   Code   RO          588    .ARM.Collect$$rtexit$$00000002  c_2.b(rtexit2.o)
    0x00000392   0x00000004   Code   RO          589    .ARM.Collect$$rtexit$$00000003  c_2.b(rtexit2.o)
    0x00000396   0x00000006   Code   RO          590    .ARM.Collect$$rtexit$$00000004  c_2.b(rtexit2.o)
    0x0000039c   0x00039d7c   Code   RO            2    .text               sys_main.o
    0x0003a118   0x00000908   Code   RO           78    .text               adc.o
    0x0003aa20   0x00000438   Code   RO           92    .text               esm.o
    0x0003ae58   0x000002dc   Code   RO          110    .text               gio.o
    0x0003b134   0x00000568   Code   RO          122    .text               i2c.o
    0x0003b69c   0x00000038   Code   RO          172    .text               notification.o
    0x0003b6d4   0x0000054c   Code   RO          232    .text               pinmux.o
    0x0003bc20   0x00000638   Code   RO          250    .text               sci.o
    0x0003c258   0x00000858   Code   RO          264    .text               het.o
    0x0003cab0   0x00000a78   Code   RO          279    .text               spi.o
    0x0003d528   0x00000004   Code   RO          323    .text               sys_phantom.o
    0x0003d52c   0x000025e0   Code   RO          353    .text               sys_selftest.o
    0x0003fb0c   0x00000734   Code   RO          380    .text               sys_vim.o
    0x00040240   0x000007b0   Code   RO          394    .text               system.o
    0x000409f0   0x000000e8   Code   RO          406    .text               dabort.o
    0x00040ad8   0x000003bc   Code   RO          410    .text               sys_core.o
    0x00040e94   0x00000114   Code   RO          419    .text               sys_pmu.o
    0x00040fa8   0x00000060   Code   RO          424    .text               c_2.b(llsdiv.o)
    0x00041008   0x00000064   Code   RO          426    .text               c_2.b(rt_memcpy_w.o)
    0x0004106c   0x0000004e   Code   RO          428    .text               c_2.b(rt_memclr_w.o)
    0x000410ba   0x00000002   PAD
    0x000410bc   0x00000330   Code   RO          483    .text               c_2.b(lludiv5.o)
    0x000413ec   0x0000000c   Code   RO          514    .text               c_2.b(exit.o)
    0x000413f8   0x0000000c   Code   RO          582    .text               c_2.b(sys_exit.o)
    0x00041404   0x00000002   Code   RO          584    .text               c_2.b(use_no_semi.o)
    0x00041406   0x00000000   Code   RO          586    .text               c_2.b(indicate_semi.o)
    0x00041406   0x00000060   Code   RO          476    x$fpl$ffltll        fz_2v.b(ffltll_clz.o)
    0x00041466   0x0000000a   Code   RO          600    x$fpl$fpinit        fz_2v.b(fpinit.o)
    0x00041470   0x00000000   Code   RO          485    x$fpl$usenofp       fz_2v.b(usenofp.o)
    0x00041470   0x00000006   Code   RO          431    x$sdiv              c_2.b(aeabi_sdiv_cr4.o)
    0x00041476   0x0000000c   Code   RO          432    x$sdivmod           c_2.b(aeabi_sdiv_cr4.o)
    0x00041482   0x00000006   Code   RO          433    x$udiv              c_2.b(aeabi_sdiv_cr4.o)
    0x00041488   0x00000040   Data   RO            4    .constdata          sys_main.o
    0x000414c8   0x00000030   Data   RO           79    .constdata          adc.o
    0x000414f8   0x00000040   Data   RO          265    .constdata          het.o
    0x00041538   0x00000180   Data   RO          381    .constdata          sys_vim.o
    0x000416b8   0x00000020   Data   RO          652    Region$$Table       anon$$obj.o


    Execution Region FLASH1 (Base: 0x00180000, Size: 0x00000000, Max: 0x00180000, ABSOLUTE)

    **** No section assigned to this execution region ****


    Execution Region ARM_LIB_STACK (Base: 0x08000000, Size: 0x00001500, Max: 0x00001500, ABSOLUTE, UNINIT)

    Base Addr    Size         Type   Attr      Idx    E Section Name        Object

    0x08000000   0x00001500   Zero   RW            1    ARM_LIB_STACK.bss   anon$$obj.o


    Execution Region RAM (Base: 0x08001500, Size: 0x00028fec, Max: 0x0003eb00, ABSOLUTE, COMPRESSED[0x00000484])

    Base Addr    Size         Type   Attr      Idx    E Section Name        Object

    0x08001500   0x00000508   Data   RW            5    .data               sys_main.o
    0x08001a08   0x00000740   Data   RW          266    .data               het.o
    0x08002148   0x000282f8   Zero   RW            3    .bss                sys_main.o
    0x0802a440   0x0000000c   Zero   RW          123    .bss                i2c.o
    0x0802a44c   0x00000028   Zero   RW          251    .bss                sci.o
    0x0802a474   0x00000078   Zero   RW          280    .bss                spi.o


==============================================================================

Image component sizes


      Code (inc. data)   RO Data    RW Data    ZI Data      Debug   Object Name

      2312         24         48          0          0       5240   adc.o
       232         24          0          0          0        296   dabort.o
      1080          8          0          0          0      13241   esm.o
       732         56          0          0          0       2676   gio.o
      2136        164         64       1856          0       5365   het.o
      1384         88          0          0         12       5758   i2c.o
         0          0          0          0          0       1920   mibspi.o
        56          0          0          0          0      30219   notification.o
      1356        156          0          0          0      35687   pinmux.o
      1592         84          0          0         40       5064   sci.o
      2680        148          0          0        120       6061   spi.o
       956         76          0          0          0        520   sys_core.o
        32          0          0          0          0        228   sys_intvecs.o
    236924       7496         64       1288     164600     135606   sys_main.o
         4          0          0          0          0        447   sys_phantom.o
       276          0          0          0          0        304   sys_pmu.o
      9696        424          0          0          0      13874   sys_selftest.o
       660         36          0          0          0        775   sys_startup.o
      1844        116        384          0          0       2951   sys_vim.o
      1968         56          0          0          0       3029   system.o

    ----------------------------------------------------------------------
    265920       8956        592       3144     170148     269261   Object Totals
         0          0         32          0       5376          0   (incl. Generated)
         0          0          0          0          0          0   (incl. Padding)

    ----------------------------------------------------------------------

      Code (inc. data)   RO Data    RW Data    ZI Data      Debug   Library Member Name

       100          0          0          0          0          0   __dclz77c.o
         8          0          0          0          0         68   __main.o
        52          8          0          0          0          0   __scatter.o
        28          0          0          0          0          0   __scatter_zi.o
        24          0          0          0          0        204   aeabi_sdiv_cr4.o
        12          0          0          0          0         72   exit.o
         0          0          0          0          0          0   indicate_semi.o
         2          0          0          0          0          0   libinit.o
         6          0          0          0          0          0   libinit2.o
         2          0          0          0          0          0   libshutdown.o
         2          0          0          0          0          0   libshutdown2.o
        96          0          0          0          0         76   llsdiv.o
       816         64          0          0          0         84   lludiv5.o
        78          0          0          0          0         80   rt_memclr_w.o
       100          0          0          0          0         80   rt_memcpy_w.o
         0          0          0          0          0          0   rtentry.o
        12          0          0          0          0          0   rtentry2.o
         8          4          0          0          0          0   rtentry7.o
         2          0          0          0          0          0   rtexit.o
        10          0          0          0          0          0   rtexit2.o
        12          4          0          0          0         68   sys_exit.o
         2          0          0          0          0         68   use_no_semi.o
        96          0          0          0          0        132   ffltll_clz.o
        10          0          0          0          0        116   fpinit.o
         0          0          0          0          0          0   usenofp.o

    ----------------------------------------------------------------------
      1480         80          0          0          0       1048   Library Totals
         2          0          0          0          0          0   (incl. Padding)

    ----------------------------------------------------------------------

      Code (inc. data)   RO Data    RW Data    ZI Data      Debug   Library Name

      1372         80          0          0          0        800   c_2.b
       106          0          0          0          0        248   fz_2v.b

    ----------------------------------------------------------------------
      1480         80          0          0          0       1048   Library Totals

    ----------------------------------------------------------------------

==============================================================================


      Code (inc. data)   RO Data    RW Data    ZI Data      Debug   

    267400       9036        592       3144     170148     265641   Grand Totals
    267400       9036        592       1156     170148     265641   ELF Image Totals (compressed)
    267400       9036        592       1156          0          0   ROM Totals

==============================================================================

    Total RO  Size (Code + RO Data)               267992 ( 261.71kB)
    Total RW  Size (RW Data + ZI Data)            173292 ( 169.23kB)
    Total ROM Size (Code + RO Data + RW Data)     269148 ( 262.84kB)

==============================================================================

